exports[`Counter renders correctly 1`] = `
<View
  style={
    Object {
      "alignItems": "center",
      "flex": 1,
      "justifyContent": "center"
    }
  }>
  <Text />
  <View
    style={
      Object {
        "alignItems": "center",
        "backgroundColor": "lightgray",
        "height": 30,
        "justifyContent": "center",
        "margin": 3,
        "padding": 10,
        "width": 100
      }
    }>
    <View
      accessibilityComponentType={undefined}
      accessibilityLabel={undefined}
      accessibilityTraits={undefined}
      accessible={true}
      hitSlop={undefined}
      onLayout={undefined}
      onResponderGrant={[Function bound touchableHandleResponderGrant]}
      onResponderMove={[Function bound touchableHandleResponderMove]}
      onResponderRelease={[Function bound touchableHandleResponderRelease]}
      onResponderTerminate={[Function bound touchableHandleResponderTerminate]}
      onResponderTerminationRequest={[Function bound touchableHandleResponderTerminationRequest]}
      onStartShouldSetResponder={[Function bound touchableHandleStartShouldSetResponder]}
      style={
        Object {
          "opacity": 1
        }
      }
      testID={undefined}>
      <Text>
        Up
      </Text>
    </View>
  </View>
  <View
    style={
      Object {
        "alignItems": "center",
        "backgroundColor": "lightgray",
        "height": 30,
        "justifyContent": "center",
        "margin": 3,
        "padding": 10,
        "width": 100
      }
    }>
    <View
      accessibilityComponentType={undefined}
      accessibilityLabel={undefined}
      accessibilityTraits={undefined}
      accessible={true}
      hitSlop={undefined}
      onLayout={undefined}
      onResponderGrant={[Function bound touchableHandleResponderGrant]}
      onResponderMove={[Function bound touchableHandleResponderMove]}
      onResponderRelease={[Function bound touchableHandleResponderRelease]}
      onResponderTerminate={[Function bound touchableHandleResponderTerminate]}
      onResponderTerminationRequest={[Function bound touchableHandleResponderTerminationRequest]}
      onStartShouldSetResponder={[Function bound touchableHandleStartShouldSetResponder]}
      style={
        Object {
          "opacity": 1
        }
      }
      testID={undefined}>
      <Text>
        Down
      </Text>
    </View>
  </View>
</View>
`;
